T-REVERSED core audit: PASS; 1000 random cases; finite chains 5,8,17
{
  "unitarity": 2.220446049250313e-16,
  "raw_geometry_vs_closed": 1.3506446028928517e-15,
  "raw_cross_phase_positive_q2": 1.3506446028928517e-15,
  "eq27_vs_independent_closed_bloch": 1.2378112039090628e-15,
  "q2_cancellation": 1.2378112039090628e-15,
  "vectorized_bonds": 1.2378112039090628e-15,
  "hermiticity": 9.155133597044475e-16,
  "majorana": 1.2378112039090628e-15,
  "period_2pi": 4.0064286501198265e-15,
  "covariance_pi": 1.3732700395566711e-15,
  "spectrum_period_pi": 6.661338147750939e-15,
  "raw_bloch_spectrum": 7.993605777301127e-15,
  "same_q_antiunitary": 9.036560719766055e-16,
  "same_q_pairing": 7.105427357601002e-15,
  "closed_spectrum": 1.0574874309554616e-14,
  "characteristic_polynomial_relative": 5.884182101285745e-15,
  "polynomial_at_eigenvalues_relative": 3.173744817858603e-14,
  "determinant_polynomial_relative": 4.2062483846745216e-14,
  "only_t_matrix_difference": 6.280369834735101e-16,
  "finite_bloch_block": 1.1019522811520253e-15,
  "finite_raw_block": 1.5100665727558131e-15,
  "finite_fourier_completeness": 1.1095285525446108e-15,
  "finite_full_iA_spectrum": 1.5987211554602254e-14,
  "finite_energy_normalization": 5.551115123125783e-16,
  "isolated_dimers_finite_absolute_normalization": 0.0,
  "isolated_dimers_bulk_absolute_normalization": 0.0,
  "OLD_regression_energy": 2.220446049250313e-16,
  "OLD_regression_special_spectra": 0.0
}
